\BOOKMARK [1][-]{section.1}{\376\377\137\025\212\000}{}% 1
\BOOKMARK [1][-]{section.2}{\376\377\166\370\121\163\135\345\117\134}{}% 2
\BOOKMARK [2][-]{subsection.2.1}{\376\377\166\256\200\244\165\305\123\330\126\376\120\317\122\006\174\173\116\016\121\154\137\000\127\372\121\306}{section.2}% 3
\BOOKMARK [2][-]{subsection.2.2}{\376\377\126\376\120\317\040\023\121\103\145\160\143\156\131\032\152\041\140\001\207\215\124\010}{section.2}% 4
\BOOKMARK [2][-]{subsection.2.3}{\376\377\140\243\200\005\116\012\116\013\145\207\136\372\152\041\116\016\126\376\171\136\176\317\177\121\176\334}{section.2}% 5
\BOOKMARK [2][-]{subsection.2.4}{\376\377\131\026\220\350\232\214\213\301\060\001\121\154\136\163\140\047\116\016\123\357\117\341\213\304\116\367}{section.2}% 6
\BOOKMARK [1][-]{section.3}{\376\377\225\356\230\230\133\232\116\111}{}% 7
\BOOKMARK [2][-]{subsection.3.1}{\376\377\116\073\116\373\122\241}{section.3}% 8
\BOOKMARK [2][-]{subsection.3.2}{\376\377\131\026\220\350\232\214\213\301\116\373\122\241}{section.3}% 9
\BOOKMARK [2][-]{subsection.3.3}{\376\377\170\024\172\166\225\356\230\230}{section.3}% 10
\BOOKMARK [1][-]{section.4}{\376\377\145\160\143\156\116\016\230\204\131\004\164\006}{}% 11
\BOOKMARK [2][-]{subsection.4.1}{\376\377\145\160\143\156\147\145\156\220\116\016\117\177\165\050\217\271\165\114}{section.4}% 12
\BOOKMARK [2][-]{subsection.4.2}{\376\377\145\160\143\156\131\004\164\006\155\101\172\013}{section.4}% 13
\BOOKMARK [2][-]{subsection.4.3}{\376\377\126\376\120\317\131\004\164\006}{section.4}% 14
\BOOKMARK [2][-]{subsection.4.4}{\376\377\121\103\145\160\143\156\131\004\164\006}{section.4}% 15
\BOOKMARK [2][-]{subsection.4.5}{\376\377\150\007\173\176\116\016\174\173\122\053\116\015\127\107\210\141\131\004\164\006}{section.4}% 16
\BOOKMARK [1][-]{section.5}{\376\377\145\271\154\325}{}% 17
\BOOKMARK [2][-]{subsection.5.1}{\376\377\116\373\122\241\133\232\116\111\116\016\140\073\117\123\150\106\147\266}{section.5}% 18
\BOOKMARK [2][-]{subsection.5.2}{\376\377\131\032\152\041\140\001\202\202\160\271\162\171\137\201}{section.5}% 19
\BOOKMARK [2][-]{subsection.5.3}{\376\377\000F\000o\000l\000d\000-\000s\000p\000e\000c\000i\000f\000i\000c\000\040\137\002\147\204\165\305\160\166\126\376}{section.5}% 20
\BOOKMARK [2][-]{subsection.5.4}{\376\377\000L\000G\000K\000E\000-\000G\000N\000N\000\040\177\026\170\001\126\150}{section.5}% 21
\BOOKMARK [2][-]{subsection.5.5}{\376\377\167\345\213\306\123\237\127\213\154\350\141\017\122\233\116\016\230\316\226\151\131\064}{section.5}% 22
\BOOKMARK [2][-]{subsection.5.6}{\376\377\213\255\176\303\166\356\150\007\116\016\152\041\127\213\220\011\142\351}{section.5}% 23
\BOOKMARK [2][-]{subsection.5.7}{\376\377\153\324\217\203\152\041\127\213}{section.5}% 24
\BOOKMARK [1][-]{section.6}{\376\377\133\236\232\214}{}% 25
\BOOKMARK [2][-]{subsection.6.1}{\376\377\116\073\213\304\117\060\143\007\150\007}{section.6}% 26
\BOOKMARK [2][-]{subsection.6.2}{\376\377\145\160\143\156\122\022\122\006\123\117\213\256}{section.6}% 27
\BOOKMARK [2][-]{subsection.6.3}{\376\377\121\154\136\163\140\047\143\007\150\007}{section.6}% 28
\BOOKMARK [2][-]{subsection.6.4}{\376\377\176\337\213\241\146\076\204\127\140\047\150\300\232\214}{section.6}% 29
\BOOKMARK [2][-]{subsection.6.5}{\376\377\133\236\232\214\167\351\226\065}{section.6}% 30
\BOOKMARK [1][-]{section.7}{\376\377\176\323\147\234\116\016\122\006\147\220}{}% 31
\BOOKMARK [2][-]{subsection.7.1}{\376\377\121\205\220\350\140\243\200\005\176\247\155\113\213\325}{section.7}% 32
\BOOKMARK [2][-]{subsection.7.2}{\376\377\215\350\145\160\143\156\226\306\154\333\123\026}{section.7}% 33
\BOOKMARK [2][-]{subsection.7.3}{\376\377\121\154\136\163\140\047\213\304\117\060\176\323\147\234}{section.7}% 34
\BOOKMARK [1][-]{section.8}{\376\377\117\134\200\005\215\041\163\056}{}% 35
\BOOKMARK [1][-]{section.9}{\376\377\213\250\213\272}{}% 36
\BOOKMARK [1][-]{section.10}{\376\377\176\323\213\272}{}% 37
\BOOKMARK [1][-]{appendix.A}{\376\377\000L\000G\000K\000E\000-\000G\000N\000N\000\040\133\236\163\260\176\306\202\202\060\001\213\255\176\303\213\312\145\255\116\016\211\343\221\312\140\047\122\006\147\220}{}% 38
\BOOKMARK [2][-]{subsection.A.1}{\376\377\137\040\221\317\143\245\123\343\116\016\152\041\127\127\122\006\211\343}{appendix.A}% 39
\BOOKMARK [2][-]{subsection.A.2}{\376\377\121\163\225\056\215\205\123\302\145\160}{appendix.A}% 40
\BOOKMARK [2][-]{subsection.A.3}{\376\377\000L\000G\000K\000E\000-\000G\000N\000N\000\040\213\255\176\303\122\250\140\001}{appendix.A}% 41
\BOOKMARK [2][-]{subsection.A.4}{\376\377\176\323\147\204\176\247\211\343\221\312\140\047\122\006\147\220}{appendix.A}% 42
\BOOKMARK [2][-]{subsection.A.5}{\376\377\126\376\176\323\147\204\155\210\207\215}{appendix.A}% 43
\BOOKMARK [1][-]{appendix.B}{\376\377\230\235\131\026\133\236\232\214\176\306\202\202}{}% 44
\BOOKMARK [2][-]{subsection.B.1}{\376\377\000P\000A\000D\000\040\166\356\150\007\127\337\137\256\214\003}{appendix.B}% 45
